// Jest Snapshot v1, https://goo.gl/fbAQLP

exports[`ProductTitle debe de mostrar el componente con el nombre del producto 1`] = `
<div
  className="undefined productCard"
>
  <span
    className="undefined productDescription"
  >
    Coffee Mug-Sin img
  </span>
</div>
`;

exports[`ProductTitle debe de mostrar el componente correctamente con el titulo personalizado 1`] = `
<span
  className="custom-class productDescription"
>
  Custom Product
</span>
`;
